Archive member included to satisfy reference by file (symbol)

/usr/lib/gcc/arm-none-eabi/5.4.1/armv6-m/libgcc.a(_udivsi3.o)
                              objdir/stm32f0_hal_lowlevel.o (__aeabi_uidiv)
/usr/lib/gcc/arm-none-eabi/5.4.1/armv6-m/libgcc.a(_dvmd_tls.o)
                              /usr/lib/gcc/arm-none-eabi/5.4.1/armv6-m/libgcc.a(_udivsi3.o) (__aeabi_idiv0)
/usr/lib/gcc/arm-none-eabi/5.4.1/armv6-m/libgcc.a(addsf3.o)
                              objdir/ECE209-proj.o (__aeabi_fadd)
/usr/lib/gcc/arm-none-eabi/5.4.1/armv6-m/libgcc.a(fixsfsi.o)
                              objdir/ECE209-proj.o (__aeabi_f2iz)
/usr/lib/gcc/arm-none-eabi/5.4.1/armv6-m/libgcc.a(floatsisf.o)
                              objdir/ECE209-proj.o (__aeabi_i2f)
/usr/lib/gcc/arm-none-eabi/5.4.1/armv6-m/libgcc.a(_clzsi2.o)
                              /usr/lib/gcc/arm-none-eabi/5.4.1/armv6-m/libgcc.a(addsf3.o) (__clzsi2)
/usr/lib/gcc/arm-none-eabi/5.4.1/../../../arm-none-eabi/lib/armv6-m/libg_nano.a(lib_a-atexit.o)
                              /usr/lib/gcc/arm-none-eabi/5.4.1/../../../arm-none-eabi/lib/armv6-m/crt0.o (atexit)
/usr/lib/gcc/arm-none-eabi/5.4.1/../../../arm-none-eabi/lib/armv6-m/libg_nano.a(lib_a-exit.o)
                              /usr/lib/gcc/arm-none-eabi/5.4.1/../../../arm-none-eabi/lib/armv6-m/crt0.o (exit)
/usr/lib/gcc/arm-none-eabi/5.4.1/../../../arm-none-eabi/lib/armv6-m/libg_nano.a(lib_a-fini.o)
                              /usr/lib/gcc/arm-none-eabi/5.4.1/../../../arm-none-eabi/lib/armv6-m/crt0.o (__libc_fini_array)
/usr/lib/gcc/arm-none-eabi/5.4.1/../../../arm-none-eabi/lib/armv6-m/libg_nano.a(lib_a-impure.o)
                              /usr/lib/gcc/arm-none-eabi/5.4.1/../../../arm-none-eabi/lib/armv6-m/libg_nano.a(lib_a-exit.o) (_global_impure_ptr)
/usr/lib/gcc/arm-none-eabi/5.4.1/../../../arm-none-eabi/lib/armv6-m/libg_nano.a(lib_a-init.o)
                              /usr/lib/gcc/arm-none-eabi/5.4.1/../../../arm-none-eabi/lib/armv6-m/crt0.o (__libc_init_array)
/usr/lib/gcc/arm-none-eabi/5.4.1/../../../arm-none-eabi/lib/armv6-m/libg_nano.a(lib_a-memset.o)
                              /usr/lib/gcc/arm-none-eabi/5.4.1/../../../arm-none-eabi/lib/armv6-m/crt0.o (memset)
/usr/lib/gcc/arm-none-eabi/5.4.1/../../../arm-none-eabi/lib/armv6-m/libg_nano.a(lib_a-__atexit.o)
                              /usr/lib/gcc/arm-none-eabi/5.4.1/../../../arm-none-eabi/lib/armv6-m/libg_nano.a(lib_a-atexit.o) (__register_exitproc)
/usr/lib/gcc/arm-none-eabi/5.4.1/../../../arm-none-eabi/lib/armv6-m/libg_nano.a(lib_a-__call_atexit.o)
                              /usr/lib/gcc/arm-none-eabi/5.4.1/../../../arm-none-eabi/lib/armv6-m/libg_nano.a(lib_a-__atexit.o) (__call_exitprocs)
/usr/lib/gcc/arm-none-eabi/5.4.1/../../../arm-none-eabi/lib/armv6-m/libnosys.a(_exit.o)
                              /usr/lib/gcc/arm-none-eabi/5.4.1/../../../arm-none-eabi/lib/armv6-m/libg_nano.a(lib_a-exit.o) (_exit)

Allocating common symbols
Common symbol       size              file

UartHandle          0x70              objdir/stm32f0_hal_nano.o

Discarded input sections

 .text          0x0000000000000000        0x0 /usr/lib/gcc/arm-none-eabi/5.4.1/armv6-m/crti.o
 .data          0x0000000000000000        0x0 /usr/lib/gcc/arm-none-eabi/5.4.1/armv6-m/crti.o
 .bss           0x0000000000000000        0x0 /usr/lib/gcc/arm-none-eabi/5.4.1/armv6-m/crti.o
 .data          0x0000000000000000        0x4 /usr/lib/gcc/arm-none-eabi/5.4.1/armv6-m/crtbegin.o
 .text          0x0000000000000000       0x6c /usr/lib/gcc/arm-none-eabi/5.4.1/../../../arm-none-eabi/lib/armv6-m/crt0.o
 .data          0x0000000000000000        0x0 /usr/lib/gcc/arm-none-eabi/5.4.1/../../../arm-none-eabi/lib/armv6-m/crt0.o
 .bss           0x0000000000000000        0x0 /usr/lib/gcc/arm-none-eabi/5.4.1/../../../arm-none-eabi/lib/armv6-m/crt0.o
 .ARM.extab     0x0000000000000000        0x0 /usr/lib/gcc/arm-none-eabi/5.4.1/../../../arm-none-eabi/lib/armv6-m/crt0.o
 .ARM.exidx     0x0000000000000000        0x8 /usr/lib/gcc/arm-none-eabi/5.4.1/../../../arm-none-eabi/lib/armv6-m/crt0.o
 .debug_line    0x0000000000000000       0x80 /usr/lib/gcc/arm-none-eabi/5.4.1/../../../arm-none-eabi/lib/armv6-m/crt0.o
 .debug_info    0x0000000000000000       0x9d /usr/lib/gcc/arm-none-eabi/5.4.1/../../../arm-none-eabi/lib/armv6-m/crt0.o
 .debug_abbrev  0x0000000000000000       0x14 /usr/lib/gcc/arm-none-eabi/5.4.1/../../../arm-none-eabi/lib/armv6-m/crt0.o
 .debug_aranges
                0x0000000000000000       0x20 /usr/lib/gcc/arm-none-eabi/5.4.1/../../../arm-none-eabi/lib/armv6-m/crt0.o
 .ARM.attributes
                0x0000000000000000       0x1b /usr/lib/gcc/arm-none-eabi/5.4.1/../../../arm-none-eabi/lib/armv6-m/crt0.o
 .text          0x0000000000000000        0x0 objdir/ECE209-proj.o
 .data          0x0000000000000000       0xe0 objdir/ECE209-proj.o
 .bss           0x0000000000000000        0x0 objdir/ECE209-proj.o
 .text          0x0000000000000000        0x0 objdir/simpleserial.o
 .text          0x0000000000000000        0x0 objdir/stm32f0_hal_nano.o
 .data          0x0000000000000000        0x0 objdir/stm32f0_hal_nano.o
 .bss           0x0000000000000000        0x0 objdir/stm32f0_hal_nano.o
 .text.led_error
                0x0000000000000000       0x20 objdir/stm32f0_hal_nano.o
 .text.led_ok   0x0000000000000000       0x20 objdir/stm32f0_hal_nano.o
 .text          0x0000000000000000        0x0 objdir/stm32f0_hal_lowlevel.o
 .text.HAL_RCC_GetPCLK2Freq
                0x0000000000000000       0x10 objdir/stm32f0_hal_lowlevel.o
 .text.HAL_RCCEx_PeriphCLKConfig
                0x0000000000000000      0x19c objdir/stm32f0_hal_lowlevel.o
 .text          0x0000000000000000       0x14 objdir/stm32f0_startup.o
 .data          0x0000000000000000        0x0 objdir/stm32f0_startup.o
 .bss           0x0000000000000000        0x0 objdir/stm32f0_startup.o
 .data          0x0000000000000000        0x0 /usr/lib/gcc/arm-none-eabi/5.4.1/armv6-m/libgcc.a(_udivsi3.o)
 .bss           0x0000000000000000        0x0 /usr/lib/gcc/arm-none-eabi/5.4.1/armv6-m/libgcc.a(_udivsi3.o)
 .data          0x0000000000000000        0x0 /usr/lib/gcc/arm-none-eabi/5.4.1/armv6-m/libgcc.a(_dvmd_tls.o)
 .bss           0x0000000000000000        0x0 /usr/lib/gcc/arm-none-eabi/5.4.1/armv6-m/libgcc.a(_dvmd_tls.o)
 .data          0x0000000000000000        0x0 /usr/lib/gcc/arm-none-eabi/5.4.1/armv6-m/libgcc.a(addsf3.o)
 .bss           0x0000000000000000        0x0 /usr/lib/gcc/arm-none-eabi/5.4.1/armv6-m/libgcc.a(addsf3.o)
 .data          0x0000000000000000        0x0 /usr/lib/gcc/arm-none-eabi/5.4.1/armv6-m/libgcc.a(fixsfsi.o)
 .bss           0x0000000000000000        0x0 /usr/lib/gcc/arm-none-eabi/5.4.1/armv6-m/libgcc.a(fixsfsi.o)
 .data          0x0000000000000000        0x0 /usr/lib/gcc/arm-none-eabi/5.4.1/armv6-m/libgcc.a(floatsisf.o)
 .bss           0x0000000000000000        0x0 /usr/lib/gcc/arm-none-eabi/5.4.1/armv6-m/libgcc.a(floatsisf.o)
 .data          0x0000000000000000        0x0 /usr/lib/gcc/arm-none-eabi/5.4.1/armv6-m/libgcc.a(_clzsi2.o)
 .bss           0x0000000000000000        0x0 /usr/lib/gcc/arm-none-eabi/5.4.1/armv6-m/libgcc.a(_clzsi2.o)
 .text          0x0000000000000000       0x10 /usr/lib/gcc/arm-none-eabi/5.4.1/../../../arm-none-eabi/lib/armv6-m/libg_nano.a(lib_a-atexit.o)
 .data          0x0000000000000000        0x0 /usr/lib/gcc/arm-none-eabi/5.4.1/../../../arm-none-eabi/lib/armv6-m/libg_nano.a(lib_a-atexit.o)
 .bss           0x0000000000000000        0x0 /usr/lib/gcc/arm-none-eabi/5.4.1/../../../arm-none-eabi/lib/armv6-m/libg_nano.a(lib_a-atexit.o)
 .debug_info    0x0000000000000000       0xfe /usr/lib/gcc/arm-none-eabi/5.4.1/../../../arm-none-eabi/lib/armv6-m/libg_nano.a(lib_a-atexit.o)
 .debug_abbrev  0x0000000000000000       0xa7 /usr/lib/gcc/arm-none-eabi/5.4.1/../../../arm-none-eabi/lib/armv6-m/libg_nano.a(lib_a-atexit.o)
 .debug_loc     0x0000000000000000       0x2c /usr/lib/gcc/arm-none-eabi/5.4.1/../../../arm-none-eabi/lib/armv6-m/libg_nano.a(lib_a-atexit.o)
 .debug_aranges
                0x0000000000000000       0x20 /usr/lib/gcc/arm-none-eabi/5.4.1/../../../arm-none-eabi/lib/armv6-m/libg_nano.a(lib_a-atexit.o)
 .debug_line    0x0000000000000000       0xb7 /usr/lib/gcc/arm-none-eabi/5.4.1/../../../arm-none-eabi/lib/armv6-m/libg_nano.a(lib_a-atexit.o)
 .debug_str     0x0000000000000000      0x1d1 /usr/lib/gcc/arm-none-eabi/5.4.1/../../../arm-none-eabi/lib/armv6-m/libg_nano.a(lib_a-atexit.o)
 .comment       0x0000000000000000       0x2c /usr/lib/gcc/arm-none-eabi/5.4.1/../../../arm-none-eabi/lib/armv6-m/libg_nano.a(lib_a-atexit.o)
 .debug_frame   0x0000000000000000       0x28 /usr/lib/gcc/arm-none-eabi/5.4.1/../../../arm-none-eabi/lib/armv6-m/libg_nano.a(lib_a-atexit.o)
 .ARM.attributes
                0x0000000000000000       0x2c /usr/lib/gcc/arm-none-eabi/5.4.1/../../../arm-none-eabi/lib/armv6-m/libg_nano.a(lib_a-atexit.o)
 .text          0x0000000000000000       0x2c /usr/lib/gcc/arm-none-eabi/5.4.1/../../../arm-none-eabi/lib/armv6-m/libg_nano.a(lib_a-exit.o)
 .data          0x0000000000000000        0x0 /usr/lib/gcc/arm-none-eabi/5.4.1/../../../arm-none-eabi/lib/armv6-m/libg_nano.a(lib_a-exit.o)
 .bss           0x0000000000000000        0x0 /usr/lib/gcc/arm-none-eabi/5.4.1/../../../arm-none-eabi/lib/armv6-m/libg_nano.a(lib_a-exit.o)
 .debug_info    0x0000000000000000      0x7a0 /usr/lib/gcc/arm-none-eabi/5.4.1/../../../arm-none-eabi/lib/armv6-m/libg_nano.a(lib_a-exit.o)
 .debug_abbrev  0x0000000000000000      0x18e /usr/lib/gcc/arm-none-eabi/5.4.1/../../../arm-none-eabi/lib/armv6-m/libg_nano.a(lib_a-exit.o)
 .debug_loc     0x0000000000000000       0x1e /usr/lib/gcc/arm-none-eabi/5.4.1/../../../arm-none-eabi/lib/armv6-m/libg_nano.a(lib_a-exit.o)
 .debug_aranges
                0x0000000000000000       0x20 /usr/lib/gcc/arm-none-eabi/5.4.1/../../../arm-none-eabi/lib/armv6-m/libg_nano.a(lib_a-exit.o)
 .debug_line    0x0000000000000000      0x153 /usr/lib/gcc/arm-none-eabi/5.4.1/../../../arm-none-eabi/lib/armv6-m/libg_nano.a(lib_a-exit.o)
 .debug_str     0x0000000000000000      0x506 /usr/lib/gcc/arm-none-eabi/5.4.1/../../../arm-none-eabi/lib/armv6-m/libg_nano.a(lib_a-exit.o)
 .comment       0x0000000000000000       0x2c /usr/lib/gcc/arm-none-eabi/5.4.1/../../../arm-none-eabi/lib/armv6-m/libg_nano.a(lib_a-exit.o)
 .debug_frame   0x0000000000000000       0x28 /usr/lib/gcc/arm-none-eabi/5.4.1/../../../arm-none-eabi/lib/armv6-m/libg_nano.a(lib_a-exit.o)
 .ARM.attributes
                0x0000000000000000       0x2c /usr/lib/gcc/arm-none-eabi/5.4.1/../../../arm-none-eabi/lib/armv6-m/libg_nano.a(lib_a-exit.o)
 .text          0x0000000000000000       0x34 /usr/lib/gcc/arm-none-eabi/5.4.1/../../../arm-none-eabi/lib/armv6-m/libg_nano.a(lib_a-fini.o)
 .data          0x0000000000000000        0x0 /usr/lib/gcc/arm-none-eabi/5.4.1/../../../arm-none-eabi/lib/armv6-m/libg_nano.a(lib_a-fini.o)
 .bss           0x0000000000000000        0x0 /usr/lib/gcc/arm-none-eabi/5.4.1/../../../arm-none-eabi/lib/armv6-m/libg_nano.a(lib_a-fini.o)
 .debug_info    0x0000000000000000       0xfa /usr/lib/gcc/arm-none-eabi/5.4.1/../../../arm-none-eabi/lib/armv6-m/libg_nano.a(lib_a-fini.o)
 .debug_abbrev  0x0000000000000000       0xba /usr/lib/gcc/arm-none-eabi/5.4.1/../../../arm-none-eabi/lib/armv6-m/libg_nano.a(lib_a-fini.o)
 .debug_loc     0x0000000000000000       0x3e /usr/lib/gcc/arm-none-eabi/5.4.1/../../../arm-none-eabi/lib/armv6-m/libg_nano.a(lib_a-fini.o)
 .debug_aranges
                0x0000000000000000       0x20 /usr/lib/gcc/arm-none-eabi/5.4.1/../../../arm-none-eabi/lib/armv6-m/libg_nano.a(lib_a-fini.o)
 .debug_line    0x0000000000000000       0x9c /usr/lib/gcc/arm-none-eabi/5.4.1/../../../arm-none-eabi/lib/armv6-m/libg_nano.a(lib_a-fini.o)
 .debug_str     0x0000000000000000      0x1c9 /usr/lib/gcc/arm-none-eabi/5.4.1/../../../arm-none-eabi/lib/armv6-m/libg_nano.a(lib_a-fini.o)
 .comment       0x0000000000000000       0x2c /usr/lib/gcc/arm-none-eabi/5.4.1/../../../arm-none-eabi/lib/armv6-m/libg_nano.a(lib_a-fini.o)
 .debug_frame   0x0000000000000000       0x2c /usr/lib/gcc/arm-none-eabi/5.4.1/../../../arm-none-eabi/lib/armv6-m/libg_nano.a(lib_a-fini.o)
 .ARM.attributes
                0x0000000000000000       0x2c /usr/lib/gcc/arm-none-eabi/5.4.1/../../../arm-none-eabi/lib/armv6-m/libg_nano.a(lib_a-fini.o)
 .text          0x0000000000000000        0x0 /usr/lib/gcc/arm-none-eabi/5.4.1/../../../arm-none-eabi/lib/armv6-m/libg_nano.a(lib_a-impure.o)
 .data          0x0000000000000000       0x64 /usr/lib/gcc/arm-none-eabi/5.4.1/../../../arm-none-eabi/lib/armv6-m/libg_nano.a(lib_a-impure.o)
 .bss           0x0000000000000000        0x0 /usr/lib/gcc/arm-none-eabi/5.4.1/../../../arm-none-eabi/lib/armv6-m/libg_nano.a(lib_a-impure.o)
 .rodata        0x0000000000000000        0x4 /usr/lib/gcc/arm-none-eabi/5.4.1/../../../arm-none-eabi/lib/armv6-m/libg_nano.a(lib_a-impure.o)
 .rodata.str1.4
                0x0000000000000000        0x2 /usr/lib/gcc/arm-none-eabi/5.4.1/../../../arm-none-eabi/lib/armv6-m/libg_nano.a(lib_a-impure.o)
 .debug_info    0x0000000000000000      0x7da /usr/lib/gcc/arm-none-eabi/5.4.1/../../../arm-none-eabi/lib/armv6-m/libg_nano.a(lib_a-impure.o)
 .debug_abbrev  0x0000000000000000      0x136 /usr/lib/gcc/arm-none-eabi/5.4.1/../../../arm-none-eabi/lib/armv6-m/libg_nano.a(lib_a-impure.o)
 .debug_aranges
                0x0000000000000000       0x18 /usr/lib/gcc/arm-none-eabi/5.4.1/../../../arm-none-eabi/lib/armv6-m/libg_nano.a(lib_a-impure.o)
 .debug_line    0x0000000000000000       0xe6 /usr/lib/gcc/arm-none-eabi/5.4.1/../../../arm-none-eabi/lib/armv6-m/libg_nano.a(lib_a-impure.o)
 .debug_str     0x0000000000000000      0x53c /usr/lib/gcc/arm-none-eabi/5.4.1/../../../arm-none-eabi/lib/armv6-m/libg_nano.a(lib_a-impure.o)
 .comment       0x0000000000000000       0x2c /usr/lib/gcc/arm-none-eabi/5.4.1/../../../arm-none-eabi/lib/armv6-m/libg_nano.a(lib_a-impure.o)
 .ARM.attributes
                0x0000000000000000       0x2c /usr/lib/gcc/arm-none-eabi/5.4.1/../../../arm-none-eabi/lib/armv6-m/libg_nano.a(lib_a-impure.o)
 .data          0x0000000000000000        0x0 /usr/lib/gcc/arm-none-eabi/5.4.1/../../../arm-none-eabi/lib/armv6-m/libg_nano.a(lib_a-init.o)
 .bss           0x0000000000000000        0x0 /usr/lib/gcc/arm-none-eabi/5.4.1/../../../arm-none-eabi/lib/armv6-m/libg_nano.a(lib_a-init.o)
 .text          0x0000000000000000       0x8c /usr/lib/gcc/arm-none-eabi/5.4.1/../../../arm-none-eabi/lib/armv6-m/libg_nano.a(lib_a-memset.o)
 .data          0x0000000000000000        0x0 /usr/lib/gcc/arm-none-eabi/5.4.1/../../../arm-none-eabi/lib/armv6-m/libg_nano.a(lib_a-memset.o)
 .bss           0x0000000000000000        0x0 /usr/lib/gcc/arm-none-eabi/5.4.1/../../../arm-none-eabi/lib/armv6-m/libg_nano.a(lib_a-memset.o)
 .debug_info    0x0000000000000000      0x11e /usr/lib/gcc/arm-none-eabi/5.4.1/../../../arm-none-eabi/lib/armv6-m/libg_nano.a(lib_a-memset.o)
 .debug_abbrev  0x0000000000000000       0x9f /usr/lib/gcc/arm-none-eabi/5.4.1/../../../arm-none-eabi/lib/armv6-m/libg_nano.a(lib_a-memset.o)
 .debug_loc     0x0000000000000000      0x1d0 /usr/lib/gcc/arm-none-eabi/5.4.1/../../../arm-none-eabi/lib/armv6-m/libg_nano.a(lib_a-memset.o)
 .debug_aranges
                0x0000000000000000       0x20 /usr/lib/gcc/arm-none-eabi/5.4.1/../../../arm-none-eabi/lib/armv6-m/libg_nano.a(lib_a-memset.o)
 .debug_line    0x0000000000000000      0x104 /usr/lib/gcc/arm-none-eabi/5.4.1/../../../arm-none-eabi/lib/armv6-m/libg_nano.a(lib_a-memset.o)
 .debug_str     0x0000000000000000      0x1a8 /usr/lib/gcc/arm-none-eabi/5.4.1/../../../arm-none-eabi/lib/armv6-m/libg_nano.a(lib_a-memset.o)
 .comment       0x0000000000000000       0x2c /usr/lib/gcc/arm-none-eabi/5.4.1/../../../arm-none-eabi/lib/armv6-m/libg_nano.a(lib_a-memset.o)
 .debug_frame   0x0000000000000000       0x2c /usr/lib/gcc/arm-none-eabi/5.4.1/../../../arm-none-eabi/lib/armv6-m/libg_nano.a(lib_a-memset.o)
 .ARM.attributes
                0x0000000000000000       0x2c /usr/lib/gcc/arm-none-eabi/5.4.1/../../../arm-none-eabi/lib/armv6-m/libg_nano.a(lib_a-memset.o)
 .text          0x0000000000000000       0xf0 /usr/lib/gcc/arm-none-eabi/5.4.1/../../../arm-none-eabi/lib/armv6-m/libg_nano.a(lib_a-__atexit.o)
 .data          0x0000000000000000        0x4 /usr/lib/gcc/arm-none-eabi/5.4.1/../../../arm-none-eabi/lib/armv6-m/libg_nano.a(lib_a-__atexit.o)
 .bss           0x0000000000000000       0x8c /usr/lib/gcc/arm-none-eabi/5.4.1/../../../arm-none-eabi/lib/armv6-m/libg_nano.a(lib_a-__atexit.o)
 .debug_info    0x0000000000000000      0x25e /usr/lib/gcc/arm-none-eabi/5.4.1/../../../arm-none-eabi/lib/armv6-m/libg_nano.a(lib_a-__atexit.o)
 .debug_abbrev  0x0000000000000000      0x19c /usr/lib/gcc/arm-none-eabi/5.4.1/../../../arm-none-eabi/lib/armv6-m/libg_nano.a(lib_a-__atexit.o)
 .debug_loc     0x0000000000000000      0x1fb /usr/lib/gcc/arm-none-eabi/5.4.1/../../../arm-none-eabi/lib/armv6-m/libg_nano.a(lib_a-__atexit.o)
 .debug_aranges
                0x0000000000000000       0x20 /usr/lib/gcc/arm-none-eabi/5.4.1/../../../arm-none-eabi/lib/armv6-m/libg_nano.a(lib_a-__atexit.o)
 .debug_line    0x0000000000000000      0x143 /usr/lib/gcc/arm-none-eabi/5.4.1/../../../arm-none-eabi/lib/armv6-m/libg_nano.a(lib_a-__atexit.o)
 .debug_str     0x0000000000000000      0x27f /usr/lib/gcc/arm-none-eabi/5.4.1/../../../arm-none-eabi/lib/armv6-m/libg_nano.a(lib_a-__atexit.o)
 .comment       0x0000000000000000       0x2c /usr/lib/gcc/arm-none-eabi/5.4.1/../../../arm-none-eabi/lib/armv6-m/libg_nano.a(lib_a-__atexit.o)
 .debug_frame   0x0000000000000000       0x38 /usr/lib/gcc/arm-none-eabi/5.4.1/../../../arm-none-eabi/lib/armv6-m/libg_nano.a(lib_a-__atexit.o)
 .ARM.attributes
                0x0000000000000000       0x2c /usr/lib/gcc/arm-none-eabi/5.4.1/../../../arm-none-eabi/lib/armv6-m/libg_nano.a(lib_a-__atexit.o)
 .text          0x0000000000000000      0x13c /usr/lib/gcc/arm-none-eabi/5.4.1/../../../arm-none-eabi/lib/armv6-m/libg_nano.a(lib_a-__call_atexit.o)
 .data          0x0000000000000000        0x0 /usr/lib/gcc/arm-none-eabi/5.4.1/../../../arm-none-eabi/lib/armv6-m/libg_nano.a(lib_a-__call_atexit.o)
 .bss           0x0000000000000000        0x4 /usr/lib/gcc/arm-none-eabi/5.4.1/../../../arm-none-eabi/lib/armv6-m/libg_nano.a(lib_a-__call_atexit.o)
 .debug_info    0x0000000000000000      0x243 /usr/lib/gcc/arm-none-eabi/5.4.1/../../../arm-none-eabi/lib/armv6-m/libg_nano.a(lib_a-__call_atexit.o)
 .debug_abbrev  0x0000000000000000      0x164 /usr/lib/gcc/arm-none-eabi/5.4.1/../../../arm-none-eabi/lib/armv6-m/libg_nano.a(lib_a-__call_atexit.o)
 .debug_loc     0x0000000000000000      0x2b5 /usr/lib/gcc/arm-none-eabi/5.4.1/../../../arm-none-eabi/lib/armv6-m/libg_nano.a(lib_a-__call_atexit.o)
 .debug_aranges
                0x0000000000000000       0x20 /usr/lib/gcc/arm-none-eabi/5.4.1/../../../arm-none-eabi/lib/armv6-m/libg_nano.a(lib_a-__call_atexit.o)
 .debug_ranges  0x0000000000000000       0x20 /usr/lib/gcc/arm-none-eabi/5.4.1/../../../arm-none-eabi/lib/armv6-m/libg_nano.a(lib_a-__call_atexit.o)
 .debug_line    0x0000000000000000      0x16b /usr/lib/gcc/arm-none-eabi/5.4.1/../../../arm-none-eabi/lib/armv6-m/libg_nano.a(lib_a-__call_atexit.o)
 .debug_str     0x0000000000000000      0x23d /usr/lib/gcc/arm-none-eabi/5.4.1/../../../arm-none-eabi/lib/armv6-m/libg_nano.a(lib_a-__call_atexit.o)
 .comment       0x0000000000000000       0x2c /usr/lib/gcc/arm-none-eabi/5.4.1/../../../arm-none-eabi/lib/armv6-m/libg_nano.a(lib_a-__call_atexit.o)
 .debug_frame   0x0000000000000000       0x3c /usr/lib/gcc/arm-none-eabi/5.4.1/../../../arm-none-eabi/lib/armv6-m/libg_nano.a(lib_a-__call_atexit.o)
 .ARM.attributes
                0x0000000000000000       0x2c /usr/lib/gcc/arm-none-eabi/5.4.1/../../../arm-none-eabi/lib/armv6-m/libg_nano.a(lib_a-__call_atexit.o)
 .text          0x0000000000000000        0x4 /usr/lib/gcc/arm-none-eabi/5.4.1/../../../arm-none-eabi/lib/armv6-m/libnosys.a(_exit.o)
 .data          0x0000000000000000        0x0 /usr/lib/gcc/arm-none-eabi/5.4.1/../../../arm-none-eabi/lib/armv6-m/libnosys.a(_exit.o)
 .bss           0x0000000000000000        0x0 /usr/lib/gcc/arm-none-eabi/5.4.1/../../../arm-none-eabi/lib/armv6-m/libnosys.a(_exit.o)
 .debug_info    0x0000000000000000       0x9a /usr/lib/gcc/arm-none-eabi/5.4.1/../../../arm-none-eabi/lib/armv6-m/libnosys.a(_exit.o)
 .debug_abbrev  0x0000000000000000       0x61 /usr/lib/gcc/arm-none-eabi/5.4.1/../../../arm-none-eabi/lib/armv6-m/libnosys.a(_exit.o)
 .debug_aranges
                0x0000000000000000       0x20 /usr/lib/gcc/arm-none-eabi/5.4.1/../../../arm-none-eabi/lib/armv6-m/libnosys.a(_exit.o)
 .debug_line    0x0000000000000000       0x58 /usr/lib/gcc/arm-none-eabi/5.4.1/../../../arm-none-eabi/lib/armv6-m/libnosys.a(_exit.o)
 .debug_str     0x0000000000000000      0x156 /usr/lib/gcc/arm-none-eabi/5.4.1/../../../arm-none-eabi/lib/armv6-m/libnosys.a(_exit.o)
 .comment       0x0000000000000000       0x2c /usr/lib/gcc/arm-none-eabi/5.4.1/../../../arm-none-eabi/lib/armv6-m/libnosys.a(_exit.o)
 .debug_frame   0x0000000000000000       0x20 /usr/lib/gcc/arm-none-eabi/5.4.1/../../../arm-none-eabi/lib/armv6-m/libnosys.a(_exit.o)
 .ARM.attributes
                0x0000000000000000       0x2c /usr/lib/gcc/arm-none-eabi/5.4.1/../../../arm-none-eabi/lib/armv6-m/libnosys.a(_exit.o)
 .text          0x0000000000000000        0x0 /usr/lib/gcc/arm-none-eabi/5.4.1/armv6-m/crtend.o
 .data          0x0000000000000000        0x0 /usr/lib/gcc/arm-none-eabi/5.4.1/armv6-m/crtend.o
 .bss           0x0000000000000000        0x0 /usr/lib/gcc/arm-none-eabi/5.4.1/armv6-m/crtend.o
 .eh_frame      0x0000000000000000        0x4 /usr/lib/gcc/arm-none-eabi/5.4.1/armv6-m/crtend.o
 .jcr           0x0000000000000000        0x4 /usr/lib/gcc/arm-none-eabi/5.4.1/armv6-m/crtend.o
 .text          0x0000000000000000        0x0 /usr/lib/gcc/arm-none-eabi/5.4.1/armv6-m/crtn.o
 .data          0x0000000000000000        0x0 /usr/lib/gcc/arm-none-eabi/5.4.1/armv6-m/crtn.o
 .bss           0x0000000000000000        0x0 /usr/lib/gcc/arm-none-eabi/5.4.1/armv6-m/crtn.o

Memory Configuration

Name             Origin             Length             Attributes
RAM              0x0000000020000000 0x0000000000001000 xrw
ROM              0x0000000008000000 0x0000000000004000 xr
*default*        0x0000000000000000 0xffffffffffffffff

Linker script and memory map

LOAD /usr/lib/gcc/arm-none-eabi/5.4.1/armv6-m/crti.o
LOAD /usr/lib/gcc/arm-none-eabi/5.4.1/armv6-m/crtbegin.o
LOAD /usr/lib/gcc/arm-none-eabi/5.4.1/../../../arm-none-eabi/lib/armv6-m/crt0.o
LOAD objdir/ECE209-proj.o
LOAD objdir/simpleserial.o
LOAD objdir/stm32f0_hal_nano.o
LOAD objdir/stm32f0_hal_lowlevel.o
LOAD objdir/stm32f0_startup.o
LOAD /usr/lib/gcc/arm-none-eabi/5.4.1/../../../arm-none-eabi/lib/armv6-m/libm.a
LOAD /usr/lib/gcc/arm-none-eabi/5.4.1/../../../arm-none-eabi/lib/armv6-m/libm.a
START GROUP
LOAD /usr/lib/gcc/arm-none-eabi/5.4.1/armv6-m/libgcc.a
LOAD /usr/lib/gcc/arm-none-eabi/5.4.1/../../../arm-none-eabi/lib/armv6-m/libg_nano.a
LOAD /usr/lib/gcc/arm-none-eabi/5.4.1/../../../arm-none-eabi/lib/armv6-m/libc_nano.a
END GROUP
START GROUP
LOAD /usr/lib/gcc/arm-none-eabi/5.4.1/armv6-m/libgcc.a
LOAD /usr/lib/gcc/arm-none-eabi/5.4.1/../../../arm-none-eabi/lib/armv6-m/libc_nano.a
LOAD /usr/lib/gcc/arm-none-eabi/5.4.1/../../../arm-none-eabi/lib/armv6-m/libnosys.a
END GROUP
START GROUP
LOAD /usr/lib/gcc/arm-none-eabi/5.4.1/armv6-m/libgcc.a
LOAD /usr/lib/gcc/arm-none-eabi/5.4.1/../../../arm-none-eabi/lib/armv6-m/libc_nano.a
LOAD /usr/lib/gcc/arm-none-eabi/5.4.1/../../../arm-none-eabi/lib/armv6-m/libnosys.a
END GROUP
LOAD /usr/lib/gcc/arm-none-eabi/5.4.1/armv6-m/crtend.o
LOAD /usr/lib/gcc/arm-none-eabi/5.4.1/armv6-m/crtn.o
                0x0000000020001000                _estack = 0x20001000
                0x0000000000000000                _Min_Heap_Size = 0x0
                0x0000000000000400                _Min_Stack_Size = 0x400

.isr_vector     0x0000000008000000      0x188
                0x0000000008000000                . = ALIGN (0x4)
 *(.isr_vector)
 .isr_vector    0x0000000008000000      0x188 objdir/stm32f0_startup.o
                0x0000000008000000                g_pfnVectors
                0x0000000008000188                . = ALIGN (0x4)

.text           0x0000000008000188     0x2074
                0x0000000008000188                . = ALIGN (0x4)
 *(.text)
 .text          0x0000000008000188       0xb4 /usr/lib/gcc/arm-none-eabi/5.4.1/armv6-m/crtbegin.o
 .text          0x000000000800023c      0x114 /usr/lib/gcc/arm-none-eabi/5.4.1/armv6-m/libgcc.a(_udivsi3.o)
                0x000000000800023c                __udivsi3
                0x000000000800023c                __aeabi_uidiv
                0x0000000008000348                __aeabi_uidivmod
 .text          0x0000000008000350        0x4 /usr/lib/gcc/arm-none-eabi/5.4.1/armv6-m/libgcc.a(_dvmd_tls.o)
                0x0000000008000350                __aeabi_ldiv0
                0x0000000008000350                __aeabi_idiv0
 .text          0x0000000008000354      0x2ec /usr/lib/gcc/arm-none-eabi/5.4.1/armv6-m/libgcc.a(addsf3.o)
                0x0000000008000354                __aeabi_fadd
 .text          0x0000000008000640       0x44 /usr/lib/gcc/arm-none-eabi/5.4.1/armv6-m/libgcc.a(fixsfsi.o)
                0x0000000008000640                __aeabi_f2iz
 .text          0x0000000008000684       0x90 /usr/lib/gcc/arm-none-eabi/5.4.1/armv6-m/libgcc.a(floatsisf.o)
                0x0000000008000684                __aeabi_i2f
 .text          0x0000000008000714       0x3c /usr/lib/gcc/arm-none-eabi/5.4.1/armv6-m/libgcc.a(_clzsi2.o)
                0x0000000008000714                __clzsi2
 .text          0x0000000008000750       0x48 /usr/lib/gcc/arm-none-eabi/5.4.1/../../../arm-none-eabi/lib/armv6-m/libg_nano.a(lib_a-init.o)
                0x0000000008000750                __libc_init_array
 *(.text*)
 .text.get_key  0x0000000008000798       0x14 objdir/ECE209-proj.o
                0x0000000008000798                get_key
 .text.delay_2_ms
                0x00000000080007ac       0x28 objdir/ECE209-proj.o
 .text.get_pt   0x00000000080007d4       0xd8 objdir/ECE209-proj.o
                0x00000000080007d4                get_pt
 .text.reset    0x00000000080008ac       0x14 objdir/ECE209-proj.o
                0x00000000080008ac                reset
 .text.main     0x00000000080008c0       0x4c objdir/ECE209-proj.o
                0x00000000080008c0                main
 .text.hex_decode
                0x000000000800090c      0x180 objdir/simpleserial.o
                0x000000000800090c                hex_decode
 .text.check_version
                0x0000000008000a8c       0x14 objdir/simpleserial.o
                0x0000000008000a8c                check_version
 .text.simpleserial_init
                0x0000000008000aa0       0x1c objdir/simpleserial.o
                0x0000000008000aa0                simpleserial_init
 .text.simpleserial_addcmd
                0x0000000008000abc       0x88 objdir/simpleserial.o
                0x0000000008000abc                simpleserial_addcmd
 .text.simpleserial_get
                0x0000000008000b44      0x16c objdir/simpleserial.o
                0x0000000008000b44                simpleserial_get
 .text.simpleserial_put
                0x0000000008000cb0       0x74 objdir/simpleserial.o
                0x0000000008000cb0                simpleserial_put
 .text.platform_init
                0x0000000008000d24       0xbc objdir/stm32f0_hal_nano.o
                0x0000000008000d24                platform_init
 .text.init_uart
                0x0000000008000de0       0xd0 objdir/stm32f0_hal_nano.o
                0x0000000008000de0                init_uart
 .text.trigger_setup
                0x0000000008000eb0       0x64 objdir/stm32f0_hal_nano.o
                0x0000000008000eb0                trigger_setup
 .text.trigger_high
                0x0000000008000f14       0x18 objdir/stm32f0_hal_nano.o
                0x0000000008000f14                trigger_high
 .text.trigger_low
                0x0000000008000f2c       0x18 objdir/stm32f0_hal_nano.o
                0x0000000008000f2c                trigger_low
 .text.getch    0x0000000008000f44       0x2c objdir/stm32f0_hal_nano.o
                0x0000000008000f44                getch
 .text.putch    0x0000000008000f70       0x34 objdir/stm32f0_hal_nano.o
                0x0000000008000f70                putch
 .text.HAL_GetTick
                0x0000000008000fa4       0x1c objdir/stm32f0_hal_lowlevel.o
                0x0000000008000fa4                HAL_GetTick
 .text.HAL_RCC_GetSysClockFreq
                0x0000000008000fc0       0x10 objdir/stm32f0_hal_lowlevel.o
                0x0000000008000fc0                HAL_RCC_GetSysClockFreq
 .text.HAL_RCC_GetPCLK1Freq
                0x0000000008000fd0       0x10 objdir/stm32f0_hal_lowlevel.o
                0x0000000008000fd0                HAL_RCC_GetPCLK1Freq
 .text.HAL_RCC_OscConfig
                0x0000000008000fe0      0x5e4 objdir/stm32f0_hal_lowlevel.o
                0x0000000008000fe0                HAL_RCC_OscConfig
 .text.HAL_RCC_ClockConfig
                0x00000000080015c4      0x1b0 objdir/stm32f0_hal_lowlevel.o
                0x00000000080015c4                HAL_RCC_ClockConfig
 .text.HAL_GPIO_Init
                0x0000000008001774      0x2e8 objdir/stm32f0_hal_lowlevel.o
                0x0000000008001774                HAL_GPIO_Init
 .text.HAL_GPIO_WritePin
                0x0000000008001a5c       0x3c objdir/stm32f0_hal_lowlevel.o
                0x0000000008001a5c                HAL_GPIO_WritePin
 .text.UART_WaitOnFlagUntilTimeout
                0x0000000008001a98       0x98 objdir/stm32f0_hal_lowlevel.o
                0x0000000008001a98                UART_WaitOnFlagUntilTimeout
 .text.UART_CheckIdleState
                0x0000000008001b30       0x30 objdir/stm32f0_hal_lowlevel.o
                0x0000000008001b30                UART_CheckIdleState
 .text.UART_SetConfig
                0x0000000008001b60      0x2bc objdir/stm32f0_hal_lowlevel.o
                0x0000000008001b60                UART_SetConfig
 .text.HAL_UART_Init
                0x0000000008001e1c       0x98 objdir/stm32f0_hal_lowlevel.o
                0x0000000008001e1c                HAL_UART_Init
 .text.HAL_UART_Receive
                0x0000000008001eb4      0x19c objdir/stm32f0_hal_lowlevel.o
                0x0000000008001eb4                HAL_UART_Receive
 .text.HAL_UART_Transmit
                0x0000000008002050      0x148 objdir/stm32f0_hal_lowlevel.o
                0x0000000008002050                HAL_UART_Transmit
 .text.Reset_Handler
                0x0000000008002198       0x48 objdir/stm32f0_startup.o
                0x0000000008002198                Reset_Handler
 .text.Default_Handler
                0x00000000080021e0        0x2 objdir/stm32f0_startup.o
                0x00000000080021e0                DebugMon_Handler
                0x00000000080021e0                HardFault_Handler
                0x00000000080021e0                SysTick_Handler
                0x00000000080021e0                PendSV_Handler
                0x00000000080021e0                NMI_Handler
                0x00000000080021e0                UsageFault_Handler
                0x00000000080021e0                Default_Handler
                0x00000000080021e0                MemManage_Handler
                0x00000000080021e0                SVC_Handler
                0x00000000080021e0                BusFault_Handler
 *(.glue_7)
 .glue_7        0x00000000080021e2        0x0 linker stubs
 *(.glue_7t)
 .glue_7t       0x00000000080021e2        0x0 linker stubs
 *(.eh_frame)
 *fill*         0x00000000080021e2        0x2 
 .eh_frame      0x00000000080021e4        0x0 /usr/lib/gcc/arm-none-eabi/5.4.1/armv6-m/crtbegin.o
 *(.init)
 .init          0x00000000080021e4        0x4 /usr/lib/gcc/arm-none-eabi/5.4.1/armv6-m/crti.o
                0x00000000080021e4                _init
 .init          0x00000000080021e8        0x8 /usr/lib/gcc/arm-none-eabi/5.4.1/armv6-m/crtn.o
 *(.fini)
 .fini          0x00000000080021f0        0x4 /usr/lib/gcc/arm-none-eabi/5.4.1/armv6-m/crti.o
                0x00000000080021f0                _fini
 .fini          0x00000000080021f4        0x8 /usr/lib/gcc/arm-none-eabi/5.4.1/armv6-m/crtn.o
                0x00000000080021fc                . = ALIGN (0x4)
                0x00000000080021fc                _etext = .

.vfp11_veneer   0x00000000080021fc        0x0
 .vfp11_veneer  0x00000000080021fc        0x0 linker stubs

.v4_bx          0x00000000080021fc        0x0
 .v4_bx         0x00000000080021fc        0x0 linker stubs

.iplt           0x00000000080021fc        0x0
 .iplt          0x00000000080021fc        0x0 /usr/lib/gcc/arm-none-eabi/5.4.1/armv6-m/crtbegin.o

.rel.dyn        0x00000000080021fc        0x0
 .rel.iplt      0x00000000080021fc        0x0 /usr/lib/gcc/arm-none-eabi/5.4.1/armv6-m/crtbegin.o

.rodata         0x00000000080021fc        0x0
                0x00000000080021fc                . = ALIGN (0x4)
 *(.rodata)
 *(.rodata*)
                0x00000000080021fc                . = ALIGN (0x4)

.ARM.extab      0x00000000080021fc        0x0
                0x00000000080021fc                . = ALIGN (0x4)
 *(.ARM.extab* .gnu.linkonce.armextab.*)
                0x00000000080021fc                . = ALIGN (0x4)

.ARM            0x00000000080021fc        0x0
                0x00000000080021fc                . = ALIGN (0x4)
                0x00000000080021fc                __exidx_start = .
 *(.ARM.exidx*)
                0x00000000080021fc                __exidx_end = .
                0x00000000080021fc                . = ALIGN (0x4)

.preinit_array  0x00000000080021fc        0x0
                0x00000000080021fc                . = ALIGN (0x4)
                0x00000000080021fc                PROVIDE (__preinit_array_start, .)
 *(.preinit_array*)
                0x00000000080021fc                PROVIDE (__preinit_array_end, .)
                0x00000000080021fc                . = ALIGN (0x4)

.init_array     0x00000000080021fc        0x4
                0x00000000080021fc                . = ALIGN (0x4)
                0x00000000080021fc                PROVIDE (__init_array_start, .)
 *(SORT(.init_array.*))
 *(.init_array*)
 .init_array    0x00000000080021fc        0x4 /usr/lib/gcc/arm-none-eabi/5.4.1/armv6-m/crtbegin.o
                0x0000000008002200                PROVIDE (__init_array_end, .)
                0x0000000008002200                . = ALIGN (0x4)

.fini_array     0x0000000008002200        0x4
                0x0000000008002200                . = ALIGN (0x4)
                0x0000000008002200                PROVIDE (__fini_array_start, .)
 *(SORT(.fini_array.*))
 *(.fini_array*)
 .fini_array    0x0000000008002200        0x4 /usr/lib/gcc/arm-none-eabi/5.4.1/armv6-m/crtbegin.o
                0x0000000008002204                PROVIDE (__fini_array_end, .)
                0x0000000008002204                . = ALIGN (0x4)
                0x0000000008002204                _sidata = LOADADDR (.data)

.data           0x0000000020000000       0x14 load address 0x0000000008002204
                0x0000000020000000                . = ALIGN (0x4)
                0x0000000020000000                _sdata = .
 *(.data)
 .data          0x0000000020000000       0x10 objdir/simpleserial.o
 .data          0x0000000020000010        0x4 objdir/stm32f0_hal_lowlevel.o
                0x0000000020000010                SystemCoreClock
 *(.data*)
                0x0000000020000014                . = ALIGN (0x4)
                0x0000000020000014                _edata = .

.jcr            0x0000000020000014        0x0 load address 0x0000000008002218
 .jcr           0x0000000020000014        0x0 /usr/lib/gcc/arm-none-eabi/5.4.1/armv6-m/crtbegin.o

.tm_clone_table
                0x0000000020000014        0x0 load address 0x0000000008002218
 .tm_clone_table
                0x0000000020000014        0x0 /usr/lib/gcc/arm-none-eabi/5.4.1/armv6-m/crtbegin.o
 .tm_clone_table
                0x0000000020000014        0x0 /usr/lib/gcc/arm-none-eabi/5.4.1/armv6-m/crtend.o

.igot.plt       0x0000000020000014        0x0 load address 0x0000000008002218
 .igot.plt      0x0000000020000014        0x0 /usr/lib/gcc/arm-none-eabi/5.4.1/armv6-m/crtbegin.o
                0x0000000020000014                . = ALIGN (0x4)

.bss            0x0000000020000014      0x10c load address 0x0000000008002218
                0x0000000020000014                _sbss = .
                0x0000000020000014                __bss_start__ = _sbss
 *(.bss)
 .bss           0x0000000020000014       0x1c /usr/lib/gcc/arm-none-eabi/5.4.1/armv6-m/crtbegin.o
 .bss           0x0000000020000030       0x7c objdir/simpleserial.o
 .bss           0x00000000200000ac        0x4 objdir/stm32f0_hal_lowlevel.o
 *(.bss*)
 *(COMMON)
 COMMON         0x00000000200000b0       0x70 objdir/stm32f0_hal_nano.o
                0x00000000200000b0                UartHandle
                0x0000000020000120                . = ALIGN (0x4)
                0x0000000020000120                _ebss = .
                0x0000000020000120                __bss_end__ = _ebss

._user_heap_stack
                0x0000000020000120      0x400 load address 0x0000000008002218
                0x0000000020000120                . = ALIGN (0x8)
                [!provide]                        PROVIDE (end, .)
                [!provide]                        PROVIDE (_end, .)
                0x0000000020000120                . = (. + _Min_Heap_Size)
                0x0000000020000520                . = (. + _Min_Stack_Size)
 *fill*         0x0000000020000120      0x400 
                0x0000000020000520                . = ALIGN (0x8)

/DISCARD/
 libc.a(*)
 libm.a(*)
 libgcc.a(*)

.ARM.attributes
                0x0000000000000000       0x28
 *(.ARM.attributes)
 .ARM.attributes
                0x0000000000000000       0x1e /usr/lib/gcc/arm-none-eabi/5.4.1/armv6-m/crti.o
 .ARM.attributes
                0x000000000000001e       0x2c /usr/lib/gcc/arm-none-eabi/5.4.1/armv6-m/crtbegin.o
 .ARM.attributes
                0x000000000000004a       0x31 objdir/ECE209-proj.o
 .ARM.attributes
                0x000000000000007b       0x31 objdir/simpleserial.o
 .ARM.attributes
                0x00000000000000ac       0x31 objdir/stm32f0_hal_nano.o
 .ARM.attributes
                0x00000000000000dd       0x31 objdir/stm32f0_hal_lowlevel.o
 .ARM.attributes
                0x000000000000010e       0x21 objdir/stm32f0_startup.o
 .ARM.attributes
                0x000000000000012f       0x1e /usr/lib/gcc/arm-none-eabi/5.4.1/armv6-m/libgcc.a(_udivsi3.o)
 .ARM.attributes
                0x000000000000014d       0x1e /usr/lib/gcc/arm-none-eabi/5.4.1/armv6-m/libgcc.a(_dvmd_tls.o)
 .ARM.attributes
                0x000000000000016b       0x2c /usr/lib/gcc/arm-none-eabi/5.4.1/armv6-m/libgcc.a(addsf3.o)
 .ARM.attributes
                0x0000000000000197       0x2c /usr/lib/gcc/arm-none-eabi/5.4.1/armv6-m/libgcc.a(fixsfsi.o)
 .ARM.attributes
                0x00000000000001c3       0x2c /usr/lib/gcc/arm-none-eabi/5.4.1/armv6-m/libgcc.a(floatsisf.o)
 .ARM.attributes
                0x00000000000001ef       0x1e /usr/lib/gcc/arm-none-eabi/5.4.1/armv6-m/libgcc.a(_clzsi2.o)
 .ARM.attributes
                0x000000000000020d       0x2c /usr/lib/gcc/arm-none-eabi/5.4.1/../../../arm-none-eabi/lib/armv6-m/libg_nano.a(lib_a-init.o)
 .ARM.attributes
                0x0000000000000239       0x2c /usr/lib/gcc/arm-none-eabi/5.4.1/armv6-m/crtend.o
 .ARM.attributes
                0x0000000000000265       0x1e /usr/lib/gcc/arm-none-eabi/5.4.1/armv6-m/crtn.o
OUTPUT(ECE209-proj-CWNANO.elf elf32-littlearm)

.comment        0x0000000000000000       0x2b
 .comment       0x0000000000000000       0x2b /usr/lib/gcc/arm-none-eabi/5.4.1/armv6-m/crtbegin.o
                                         0x2c (size before relaxing)
 .comment       0x000000000000002b       0x2c objdir/ECE209-proj.o
 .comment       0x000000000000002b       0x2c objdir/simpleserial.o
 .comment       0x000000000000002b       0x2c objdir/stm32f0_hal_nano.o
 .comment       0x000000000000002b       0x2c objdir/stm32f0_hal_lowlevel.o
 .comment       0x000000000000002b       0x2c /usr/lib/gcc/arm-none-eabi/5.4.1/armv6-m/libgcc.a(addsf3.o)
 .comment       0x000000000000002b       0x2c /usr/lib/gcc/arm-none-eabi/5.4.1/armv6-m/libgcc.a(fixsfsi.o)
 .comment       0x000000000000002b       0x2c /usr/lib/gcc/arm-none-eabi/5.4.1/armv6-m/libgcc.a(floatsisf.o)
 .comment       0x000000000000002b       0x2c /usr/lib/gcc/arm-none-eabi/5.4.1/../../../arm-none-eabi/lib/armv6-m/libg_nano.a(lib_a-init.o)
 .comment       0x000000000000002b       0x2c /usr/lib/gcc/arm-none-eabi/5.4.1/armv6-m/crtend.o

.debug_info     0x0000000000000000     0x2b33
 .debug_info    0x0000000000000000      0x202 objdir/ECE209-proj.o
 .debug_info    0x0000000000000202      0x351 objdir/simpleserial.o
 .debug_info    0x0000000000000553      0xb8a objdir/stm32f0_hal_nano.o
 .debug_info    0x00000000000010dd     0x110b objdir/stm32f0_hal_lowlevel.o
 .debug_info    0x00000000000021e8       0xb9 /usr/lib/gcc/arm-none-eabi/5.4.1/armv6-m/libgcc.a(_udivsi3.o)
 .debug_info    0x00000000000022a1       0xb9 /usr/lib/gcc/arm-none-eabi/5.4.1/armv6-m/libgcc.a(_dvmd_tls.o)
 .debug_info    0x000000000000235a      0x2b7 /usr/lib/gcc/arm-none-eabi/5.4.1/armv6-m/libgcc.a(addsf3.o)
 .debug_info    0x0000000000002611      0x18e /usr/lib/gcc/arm-none-eabi/5.4.1/armv6-m/libgcc.a(fixsfsi.o)
 .debug_info    0x000000000000279f      0x1cb /usr/lib/gcc/arm-none-eabi/5.4.1/armv6-m/libgcc.a(floatsisf.o)
 .debug_info    0x000000000000296a       0xb9 /usr/lib/gcc/arm-none-eabi/5.4.1/armv6-m/libgcc.a(_clzsi2.o)
 .debug_info    0x0000000000002a23      0x110 /usr/lib/gcc/arm-none-eabi/5.4.1/../../../arm-none-eabi/lib/armv6-m/libg_nano.a(lib_a-init.o)

.debug_abbrev   0x0000000000000000      0xa86
 .debug_abbrev  0x0000000000000000      0x10c objdir/ECE209-proj.o
 .debug_abbrev  0x000000000000010c      0x11e objdir/simpleserial.o
 .debug_abbrev  0x000000000000022a      0x1b4 objdir/stm32f0_hal_nano.o
 .debug_abbrev  0x00000000000003de      0x20e objdir/stm32f0_hal_lowlevel.o
 .debug_abbrev  0x00000000000005ec       0x14 /usr/lib/gcc/arm-none-eabi/5.4.1/armv6-m/libgcc.a(_udivsi3.o)
 .debug_abbrev  0x0000000000000600       0x14 /usr/lib/gcc/arm-none-eabi/5.4.1/armv6-m/libgcc.a(_dvmd_tls.o)
 .debug_abbrev  0x0000000000000614      0x13c /usr/lib/gcc/arm-none-eabi/5.4.1/armv6-m/libgcc.a(addsf3.o)
 .debug_abbrev  0x0000000000000750      0x128 /usr/lib/gcc/arm-none-eabi/5.4.1/armv6-m/libgcc.a(fixsfsi.o)
 .debug_abbrev  0x0000000000000878      0x140 /usr/lib/gcc/arm-none-eabi/5.4.1/armv6-m/libgcc.a(floatsisf.o)
 .debug_abbrev  0x00000000000009b8       0x14 /usr/lib/gcc/arm-none-eabi/5.4.1/armv6-m/libgcc.a(_clzsi2.o)
 .debug_abbrev  0x00000000000009cc       0xba /usr/lib/gcc/arm-none-eabi/5.4.1/../../../arm-none-eabi/lib/armv6-m/libg_nano.a(lib_a-init.o)

.debug_loc      0x0000000000000000     0x14eb
 .debug_loc     0x0000000000000000      0x10c objdir/ECE209-proj.o
 .debug_loc     0x000000000000010c      0x146 objdir/simpleserial.o
 .debug_loc     0x0000000000000252      0x1e2 objdir/stm32f0_hal_nano.o
 .debug_loc     0x0000000000000434      0x318 objdir/stm32f0_hal_lowlevel.o
 .debug_loc     0x000000000000074c      0xa2b /usr/lib/gcc/arm-none-eabi/5.4.1/armv6-m/libgcc.a(addsf3.o)
 .debug_loc     0x0000000000001177       0xd8 /usr/lib/gcc/arm-none-eabi/5.4.1/armv6-m/libgcc.a(fixsfsi.o)
 .debug_loc     0x000000000000124f      0x218 /usr/lib/gcc/arm-none-eabi/5.4.1/armv6-m/libgcc.a(floatsisf.o)
 .debug_loc     0x0000000000001467       0x84 /usr/lib/gcc/arm-none-eabi/5.4.1/../../../arm-none-eabi/lib/armv6-m/libg_nano.a(lib_a-init.o)

.debug_aranges  0x0000000000000000      0x258
 .debug_aranges
                0x0000000000000000       0x40 objdir/ECE209-proj.o
 .debug_aranges
                0x0000000000000040       0x48 objdir/simpleserial.o
 .debug_aranges
                0x0000000000000088       0x60 objdir/stm32f0_hal_nano.o
 .debug_aranges
                0x00000000000000e8       0x90 objdir/stm32f0_hal_lowlevel.o
 .debug_aranges
                0x0000000000000178       0x20 /usr/lib/gcc/arm-none-eabi/5.4.1/armv6-m/libgcc.a(_udivsi3.o)
 .debug_aranges
                0x0000000000000198       0x20 /usr/lib/gcc/arm-none-eabi/5.4.1/armv6-m/libgcc.a(_dvmd_tls.o)
 .debug_aranges
                0x00000000000001b8       0x20 /usr/lib/gcc/arm-none-eabi/5.4.1/armv6-m/libgcc.a(addsf3.o)
 .debug_aranges
                0x00000000000001d8       0x20 /usr/lib/gcc/arm-none-eabi/5.4.1/armv6-m/libgcc.a(fixsfsi.o)
 .debug_aranges
                0x00000000000001f8       0x20 /usr/lib/gcc/arm-none-eabi/5.4.1/armv6-m/libgcc.a(floatsisf.o)
 .debug_aranges
                0x0000000000000218       0x20 /usr/lib/gcc/arm-none-eabi/5.4.1/armv6-m/libgcc.a(_clzsi2.o)
 .debug_aranges
                0x0000000000000238       0x20 /usr/lib/gcc/arm-none-eabi/5.4.1/../../../arm-none-eabi/lib/armv6-m/libg_nano.a(lib_a-init.o)

.debug_ranges   0x0000000000000000      0x2f0
 .debug_ranges  0x0000000000000000       0x30 objdir/ECE209-proj.o
 .debug_ranges  0x0000000000000030       0x50 objdir/simpleserial.o
 .debug_ranges  0x0000000000000080       0x50 objdir/stm32f0_hal_nano.o
 .debug_ranges  0x00000000000000d0       0x80 objdir/stm32f0_hal_lowlevel.o
 .debug_ranges  0x0000000000000150      0x168 /usr/lib/gcc/arm-none-eabi/5.4.1/armv6-m/libgcc.a(addsf3.o)
 .debug_ranges  0x00000000000002b8       0x18 /usr/lib/gcc/arm-none-eabi/5.4.1/armv6-m/libgcc.a(fixsfsi.o)
 .debug_ranges  0x00000000000002d0       0x20 /usr/lib/gcc/arm-none-eabi/5.4.1/armv6-m/libgcc.a(floatsisf.o)

.debug_line     0x0000000000000000     0x1033
 .debug_line    0x0000000000000000      0x11c objdir/ECE209-proj.o
 .debug_line    0x000000000000011c      0x1b6 objdir/simpleserial.o
 .debug_line    0x00000000000002d2      0x236 objdir/stm32f0_hal_nano.o
 .debug_line    0x0000000000000508      0x5b3 objdir/stm32f0_hal_lowlevel.o
 .debug_line    0x0000000000000abb       0x6a /usr/lib/gcc/arm-none-eabi/5.4.1/armv6-m/libgcc.a(_udivsi3.o)
 .debug_line    0x0000000000000b25       0x5e /usr/lib/gcc/arm-none-eabi/5.4.1/armv6-m/libgcc.a(_dvmd_tls.o)
 .debug_line    0x0000000000000b83      0x255 /usr/lib/gcc/arm-none-eabi/5.4.1/armv6-m/libgcc.a(addsf3.o)
 .debug_line    0x0000000000000dd8       0x8f /usr/lib/gcc/arm-none-eabi/5.4.1/armv6-m/libgcc.a(fixsfsi.o)
 .debug_line    0x0000000000000e67       0x9a /usr/lib/gcc/arm-none-eabi/5.4.1/armv6-m/libgcc.a(floatsisf.o)
 .debug_line    0x0000000000000f01       0x72 /usr/lib/gcc/arm-none-eabi/5.4.1/armv6-m/libgcc.a(_clzsi2.o)
 .debug_line    0x0000000000000f73       0xc0 /usr/lib/gcc/arm-none-eabi/5.4.1/../../../arm-none-eabi/lib/armv6-m/libg_nano.a(lib_a-init.o)

.debug_str      0x0000000000000000     0x108c
 .debug_str     0x0000000000000000      0x1b5 objdir/ECE209-proj.o
                                        0x1f6 (size before relaxing)
 .debug_str     0x00000000000001b5       0xca objdir/simpleserial.o
                                        0x263 (size before relaxing)
 .debug_str     0x000000000000027f      0x6d9 objdir/stm32f0_hal_nano.o
                                        0x8a8 (size before relaxing)
 .debug_str     0x0000000000000958      0x398 objdir/stm32f0_hal_lowlevel.o
                                        0xbd1 (size before relaxing)
 .debug_str     0x0000000000000cf0      0x1d0 /usr/lib/gcc/arm-none-eabi/5.4.1/armv6-m/libgcc.a(addsf3.o)
                                        0x250 (size before relaxing)
 .debug_str     0x0000000000000ec0       0x32 /usr/lib/gcc/arm-none-eabi/5.4.1/armv6-m/libgcc.a(fixsfsi.o)
                                        0x1e5 (size before relaxing)
 .debug_str     0x0000000000000ef2       0x45 /usr/lib/gcc/arm-none-eabi/5.4.1/armv6-m/libgcc.a(floatsisf.o)
                                        0x217 (size before relaxing)
 .debug_str     0x0000000000000f37      0x155 /usr/lib/gcc/arm-none-eabi/5.4.1/../../../arm-none-eabi/lib/armv6-m/libg_nano.a(lib_a-init.o)
                                        0x1f3 (size before relaxing)

.debug_frame    0x0000000000000000      0x550
 .debug_frame   0x0000000000000000       0xac objdir/ECE209-proj.o
 .debug_frame   0x00000000000000ac       0xd0 objdir/simpleserial.o
 .debug_frame   0x000000000000017c      0x128 objdir/stm32f0_hal_nano.o
 .debug_frame   0x00000000000002a4      0x1e4 objdir/stm32f0_hal_lowlevel.o
 .debug_frame   0x0000000000000488       0x20 /usr/lib/gcc/arm-none-eabi/5.4.1/armv6-m/libgcc.a(_udivsi3.o)
 .debug_frame   0x00000000000004a8       0x30 /usr/lib/gcc/arm-none-eabi/5.4.1/armv6-m/libgcc.a(addsf3.o)
 .debug_frame   0x00000000000004d8       0x20 /usr/lib/gcc/arm-none-eabi/5.4.1/armv6-m/libgcc.a(fixsfsi.o)
 .debug_frame   0x00000000000004f8       0x2c /usr/lib/gcc/arm-none-eabi/5.4.1/armv6-m/libgcc.a(floatsisf.o)
 .debug_frame   0x0000000000000524       0x2c /usr/lib/gcc/arm-none-eabi/5.4.1/../../../arm-none-eabi/lib/armv6-m/libg_nano.a(lib_a-init.o)

.stab           0x0000000000000000      0x144
 .stab          0x0000000000000000      0x144 objdir/stm32f0_startup.o

.stabstr        0x0000000000000000       0x34
 .stabstr       0x0000000000000000       0x34 objdir/stm32f0_startup.o

Cross Reference Table

Symbol                                            File
BusFault_Handler                                  objdir/stm32f0_startup.o
DebugMon_Handler                                  objdir/stm32f0_startup.o
Default_Handler                                   objdir/stm32f0_startup.o
HAL_GPIO_Init                                     objdir/stm32f0_hal_lowlevel.o
                                                  objdir/stm32f0_hal_nano.o
HAL_GPIO_WritePin                                 objdir/stm32f0_hal_lowlevel.o
                                                  objdir/stm32f0_hal_nano.o
HAL_GetTick                                       objdir/stm32f0_hal_lowlevel.o
HAL_RCCEx_PeriphCLKConfig                         objdir/stm32f0_hal_lowlevel.o
HAL_RCC_ClockConfig                               objdir/stm32f0_hal_lowlevel.o
                                                  objdir/stm32f0_hal_nano.o
HAL_RCC_GetPCLK1Freq                              objdir/stm32f0_hal_lowlevel.o
HAL_RCC_GetPCLK2Freq                              objdir/stm32f0_hal_lowlevel.o
HAL_RCC_GetSysClockFreq                           objdir/stm32f0_hal_lowlevel.o
HAL_RCC_OscConfig                                 objdir/stm32f0_hal_lowlevel.o
                                                  objdir/stm32f0_hal_nano.o
HAL_UART_Init                                     objdir/stm32f0_hal_lowlevel.o
                                                  objdir/stm32f0_hal_nano.o
HAL_UART_Receive                                  objdir/stm32f0_hal_lowlevel.o
                                                  objdir/stm32f0_hal_nano.o
HAL_UART_Transmit                                 objdir/stm32f0_hal_lowlevel.o
                                                  objdir/stm32f0_hal_nano.o
HardFault_Handler                                 objdir/stm32f0_startup.o
MemManage_Handler                                 objdir/stm32f0_startup.o
NMI_Handler                                       objdir/stm32f0_startup.o
PendSV_Handler                                    objdir/stm32f0_startup.o
Reset_Handler                                     objdir/stm32f0_startup.o
SVC_Handler                                       objdir/stm32f0_startup.o
SysTick_Handler                                   objdir/stm32f0_startup.o
SystemCoreClock                                   objdir/stm32f0_hal_lowlevel.o
SystemInit                                        objdir/stm32f0_startup.o
UART_CheckIdleState                               objdir/stm32f0_hal_lowlevel.o
UART_SetConfig                                    objdir/stm32f0_hal_lowlevel.o
UART_WaitOnFlagUntilTimeout                       objdir/stm32f0_hal_lowlevel.o
UartHandle                                        objdir/stm32f0_hal_nano.o
UsageFault_Handler                                objdir/stm32f0_startup.o
_ITM_deregisterTMCloneTable                       /usr/lib/gcc/arm-none-eabi/5.4.1/armv6-m/crtbegin.o
_ITM_registerTMCloneTable                         /usr/lib/gcc/arm-none-eabi/5.4.1/armv6-m/crtbegin.o
_Jv_RegisterClasses                               /usr/lib/gcc/arm-none-eabi/5.4.1/armv6-m/crtbegin.o
__TMC_END__                                       /usr/lib/gcc/arm-none-eabi/5.4.1/armv6-m/crtend.o
                                                  /usr/lib/gcc/arm-none-eabi/5.4.1/armv6-m/crtbegin.o
__aeabi_f2iz                                      /usr/lib/gcc/arm-none-eabi/5.4.1/armv6-m/libgcc.a(fixsfsi.o)
                                                  objdir/ECE209-proj.o
__aeabi_fadd                                      /usr/lib/gcc/arm-none-eabi/5.4.1/armv6-m/libgcc.a(addsf3.o)
                                                  objdir/ECE209-proj.o
__aeabi_i2f                                       /usr/lib/gcc/arm-none-eabi/5.4.1/armv6-m/libgcc.a(floatsisf.o)
                                                  objdir/ECE209-proj.o
__aeabi_idiv0                                     /usr/lib/gcc/arm-none-eabi/5.4.1/armv6-m/libgcc.a(_dvmd_tls.o)
                                                  /usr/lib/gcc/arm-none-eabi/5.4.1/armv6-m/libgcc.a(_udivsi3.o)
__aeabi_ldiv0                                     /usr/lib/gcc/arm-none-eabi/5.4.1/armv6-m/libgcc.a(_dvmd_tls.o)
__aeabi_uidiv                                     /usr/lib/gcc/arm-none-eabi/5.4.1/armv6-m/libgcc.a(_udivsi3.o)
                                                  objdir/stm32f0_hal_lowlevel.o
__aeabi_uidivmod                                  /usr/lib/gcc/arm-none-eabi/5.4.1/armv6-m/libgcc.a(_udivsi3.o)
__atexit_dummy                                    /usr/lib/gcc/arm-none-eabi/5.4.1/../../../arm-none-eabi/lib/armv6-m/libg_nano.a(lib_a-__atexit.o)
__bss_end__                                       /usr/lib/gcc/arm-none-eabi/5.4.1/../../../arm-none-eabi/lib/armv6-m/crt0.o
__bss_start__                                     /usr/lib/gcc/arm-none-eabi/5.4.1/../../../arm-none-eabi/lib/armv6-m/crt0.o
__call_exitprocs                                  /usr/lib/gcc/arm-none-eabi/5.4.1/../../../arm-none-eabi/lib/armv6-m/libg_nano.a(lib_a-__call_atexit.o)
                                                  /usr/lib/gcc/arm-none-eabi/5.4.1/../../../arm-none-eabi/lib/armv6-m/libg_nano.a(lib_a-__atexit.o)
                                                  /usr/lib/gcc/arm-none-eabi/5.4.1/../../../arm-none-eabi/lib/armv6-m/libg_nano.a(lib_a-exit.o)
__clzsi2                                          /usr/lib/gcc/arm-none-eabi/5.4.1/armv6-m/libgcc.a(_clzsi2.o)
                                                  /usr/lib/gcc/arm-none-eabi/5.4.1/armv6-m/libgcc.a(floatsisf.o)
                                                  /usr/lib/gcc/arm-none-eabi/5.4.1/armv6-m/libgcc.a(addsf3.o)
__deregister_frame_info                           /usr/lib/gcc/arm-none-eabi/5.4.1/armv6-m/crtbegin.o
__dso_handle                                      /usr/lib/gcc/arm-none-eabi/5.4.1/armv6-m/crtbegin.o
__fini_array_end                                  /usr/lib/gcc/arm-none-eabi/5.4.1/../../../arm-none-eabi/lib/armv6-m/libg_nano.a(lib_a-fini.o)
__fini_array_start                                /usr/lib/gcc/arm-none-eabi/5.4.1/../../../arm-none-eabi/lib/armv6-m/libg_nano.a(lib_a-fini.o)
__init_array_end                                  /usr/lib/gcc/arm-none-eabi/5.4.1/../../../arm-none-eabi/lib/armv6-m/libg_nano.a(lib_a-init.o)
__init_array_start                                /usr/lib/gcc/arm-none-eabi/5.4.1/../../../arm-none-eabi/lib/armv6-m/libg_nano.a(lib_a-init.o)
__libc_fini_array                                 /usr/lib/gcc/arm-none-eabi/5.4.1/../../../arm-none-eabi/lib/armv6-m/libg_nano.a(lib_a-fini.o)
                                                  /usr/lib/gcc/arm-none-eabi/5.4.1/../../../arm-none-eabi/lib/armv6-m/crt0.o
__libc_init_array                                 /usr/lib/gcc/arm-none-eabi/5.4.1/../../../arm-none-eabi/lib/armv6-m/libg_nano.a(lib_a-init.o)
                                                  objdir/stm32f0_startup.o
                                                  /usr/lib/gcc/arm-none-eabi/5.4.1/../../../arm-none-eabi/lib/armv6-m/crt0.o
__on_exit_args                                    /usr/lib/gcc/arm-none-eabi/5.4.1/../../../arm-none-eabi/lib/armv6-m/libg_nano.a(lib_a-__atexit.o)
__preinit_array_end                               /usr/lib/gcc/arm-none-eabi/5.4.1/../../../arm-none-eabi/lib/armv6-m/libg_nano.a(lib_a-init.o)
__preinit_array_start                             /usr/lib/gcc/arm-none-eabi/5.4.1/../../../arm-none-eabi/lib/armv6-m/libg_nano.a(lib_a-init.o)
__register_exitproc                               /usr/lib/gcc/arm-none-eabi/5.4.1/../../../arm-none-eabi/lib/armv6-m/libg_nano.a(lib_a-__atexit.o)
                                                  /usr/lib/gcc/arm-none-eabi/5.4.1/../../../arm-none-eabi/lib/armv6-m/libg_nano.a(lib_a-atexit.o)
__register_frame_info                             /usr/lib/gcc/arm-none-eabi/5.4.1/armv6-m/crtbegin.o
__sf_fake_stderr                                  /usr/lib/gcc/arm-none-eabi/5.4.1/../../../arm-none-eabi/lib/armv6-m/libg_nano.a(lib_a-impure.o)
__sf_fake_stdin                                   /usr/lib/gcc/arm-none-eabi/5.4.1/../../../arm-none-eabi/lib/armv6-m/libg_nano.a(lib_a-impure.o)
__sf_fake_stdout                                  /usr/lib/gcc/arm-none-eabi/5.4.1/../../../arm-none-eabi/lib/armv6-m/libg_nano.a(lib_a-impure.o)
__stack                                           /usr/lib/gcc/arm-none-eabi/5.4.1/../../../arm-none-eabi/lib/armv6-m/crt0.o
__udivsi3                                         /usr/lib/gcc/arm-none-eabi/5.4.1/armv6-m/libgcc.a(_udivsi3.o)
_ebss                                             objdir/stm32f0_startup.o
_edata                                            objdir/stm32f0_startup.o
_estack                                           objdir/stm32f0_startup.o
_exit                                             /usr/lib/gcc/arm-none-eabi/5.4.1/../../../arm-none-eabi/lib/armv6-m/libnosys.a(_exit.o)
                                                  /usr/lib/gcc/arm-none-eabi/5.4.1/../../../arm-none-eabi/lib/armv6-m/libg_nano.a(lib_a-exit.o)
_fini                                             /usr/lib/gcc/arm-none-eabi/5.4.1/armv6-m/crti.o
                                                  /usr/lib/gcc/arm-none-eabi/5.4.1/../../../arm-none-eabi/lib/armv6-m/libg_nano.a(lib_a-fini.o)
_global_atexit                                    /usr/lib/gcc/arm-none-eabi/5.4.1/../../../arm-none-eabi/lib/armv6-m/libg_nano.a(lib_a-__call_atexit.o)
                                                  /usr/lib/gcc/arm-none-eabi/5.4.1/../../../arm-none-eabi/lib/armv6-m/libg_nano.a(lib_a-__atexit.o)
_global_impure_ptr                                /usr/lib/gcc/arm-none-eabi/5.4.1/../../../arm-none-eabi/lib/armv6-m/libg_nano.a(lib_a-impure.o)
                                                  /usr/lib/gcc/arm-none-eabi/5.4.1/../../../arm-none-eabi/lib/armv6-m/libg_nano.a(lib_a-exit.o)
_impure_ptr                                       /usr/lib/gcc/arm-none-eabi/5.4.1/../../../arm-none-eabi/lib/armv6-m/libg_nano.a(lib_a-impure.o)
_init                                             /usr/lib/gcc/arm-none-eabi/5.4.1/armv6-m/crti.o
                                                  /usr/lib/gcc/arm-none-eabi/5.4.1/../../../arm-none-eabi/lib/armv6-m/libg_nano.a(lib_a-init.o)
_mainCRTStartup                                   /usr/lib/gcc/arm-none-eabi/5.4.1/../../../arm-none-eabi/lib/armv6-m/crt0.o
_sbss                                             objdir/stm32f0_startup.o
_sdata                                            objdir/stm32f0_startup.o
_sidata                                           objdir/stm32f0_startup.o
_start                                            /usr/lib/gcc/arm-none-eabi/5.4.1/../../../arm-none-eabi/lib/armv6-m/crt0.o
atexit                                            /usr/lib/gcc/arm-none-eabi/5.4.1/../../../arm-none-eabi/lib/armv6-m/libg_nano.a(lib_a-atexit.o)
                                                  /usr/lib/gcc/arm-none-eabi/5.4.1/../../../arm-none-eabi/lib/armv6-m/crt0.o
check_version                                     objdir/simpleserial.o
exit                                              /usr/lib/gcc/arm-none-eabi/5.4.1/../../../arm-none-eabi/lib/armv6-m/libg_nano.a(lib_a-exit.o)
                                                  /usr/lib/gcc/arm-none-eabi/5.4.1/../../../arm-none-eabi/lib/armv6-m/crt0.o
free                                              /usr/lib/gcc/arm-none-eabi/5.4.1/../../../arm-none-eabi/lib/armv6-m/libg_nano.a(lib_a-__call_atexit.o)
g_pfnVectors                                      objdir/stm32f0_startup.o
get_key                                           objdir/ECE209-proj.o
get_pt                                            objdir/ECE209-proj.o
getch                                             objdir/stm32f0_hal_nano.o
                                                  objdir/simpleserial.o
hardware_init_hook                                /usr/lib/gcc/arm-none-eabi/5.4.1/../../../arm-none-eabi/lib/armv6-m/crt0.o
hex_decode                                        objdir/simpleserial.o
imagePixel                                        objdir/ECE209-proj.o
init_uart                                         objdir/stm32f0_hal_nano.o
                                                  objdir/ECE209-proj.o
led_error                                         objdir/stm32f0_hal_nano.o
led_ok                                            objdir/stm32f0_hal_nano.o
main                                              objdir/ECE209-proj.o
                                                  objdir/stm32f0_startup.o
                                                  /usr/lib/gcc/arm-none-eabi/5.4.1/../../../arm-none-eabi/lib/armv6-m/crt0.o
malloc                                            /usr/lib/gcc/arm-none-eabi/5.4.1/../../../arm-none-eabi/lib/armv6-m/libg_nano.a(lib_a-__atexit.o)
memset                                            /usr/lib/gcc/arm-none-eabi/5.4.1/../../../arm-none-eabi/lib/armv6-m/libg_nano.a(lib_a-memset.o)
                                                  /usr/lib/gcc/arm-none-eabi/5.4.1/../../../arm-none-eabi/lib/armv6-m/crt0.o
platform_init                                     objdir/stm32f0_hal_nano.o
                                                  objdir/ECE209-proj.o
putch                                             objdir/stm32f0_hal_nano.o
                                                  objdir/simpleserial.o
reset                                             objdir/ECE209-proj.o
simpleserial_addcmd                               objdir/simpleserial.o
                                                  objdir/ECE209-proj.o
simpleserial_get                                  objdir/simpleserial.o
                                                  objdir/ECE209-proj.o
simpleserial_init                                 objdir/simpleserial.o
                                                  objdir/ECE209-proj.o
simpleserial_put                                  objdir/simpleserial.o
                                                  objdir/ECE209-proj.o
software_init_hook                                /usr/lib/gcc/arm-none-eabi/5.4.1/../../../arm-none-eabi/lib/armv6-m/crt0.o
trigger_high                                      objdir/stm32f0_hal_nano.o
                                                  objdir/ECE209-proj.o
trigger_low                                       objdir/stm32f0_hal_nano.o
                                                  objdir/ECE209-proj.o
trigger_setup                                     objdir/stm32f0_hal_nano.o
                                                  objdir/ECE209-proj.o
weight                                            objdir/ECE209-proj.o
